250703 06:33:48 mysqld_safe Starting mariadbd daemon with databases from /var/lib/mysql
2025-07-03  6:33:48 0 [Warning] Setting lower_case_table_names=2 because file system for /var/lib/mysql/ is case insensitive
2025-07-03  6:33:48 0 [Note] Starting MariaDB 11.4.5-MariaDB source revision 0771110266ff5c04216af4bf1243c65f8c67ccf4 server_uid 72+4ASMvYxproTQgRqIDplDA1XA= as process 191
2025-07-03  6:33:48 0 [Note] InnoDB: Compressed tables use zlib 1.3.1
2025-07-03  6:33:48 0 [Note] InnoDB: Number of transaction pools: 1
2025-07-03  6:33:48 0 [Note] InnoDB: Using crc32 + pclmulqdq instructions
2025-07-03  6:33:48 0 [Note] mariadbd: O_TMPFILE is not supported on /tmp (disabling future attempts)
2025-07-03  6:33:48 0 [Note] InnoDB: Using Linux native AIO
2025-07-03  6:33:48 0 [Note] InnoDB: Initializing buffer pool, total size = 128.000MiB, chunk size = 2.000MiB
2025-07-03  6:33:48 0 [Note] InnoDB: Completed initialization of buffer pool
2025-07-03  6:33:48 0 [Note] InnoDB: Buffered log writes (block size=512 bytes)
2025-07-03  6:33:48 0 [Note] InnoDB: End of log at LSN=47763
2025-07-03  6:33:48 0 [Note] InnoDB: Opened 3 undo tablespaces
2025-07-03  6:33:48 0 [Note] InnoDB: 128 rollback segments in 3 undo tablespaces are active.
2025-07-03  6:33:48 0 [Note] InnoDB: Setting file './ibtmp1' size to 12.000MiB. Physically writing the file full; Please wait ...
2025-07-03  6:33:48 0 [Note] InnoDB: File './ibtmp1' size is now 12.000MiB.
2025-07-03  6:33:48 0 [Note] InnoDB: log sequence number 47763; transaction id 14
2025-07-03  6:33:48 0 [Note] Plugin 'FEEDBACK' is disabled.
2025-07-03  6:33:48 0 [Note] InnoDB: Loading buffer pool(s) from /var/lib/mysql/ib_buffer_pool
2025-07-03  6:33:48 0 [Note] Plugin 'wsrep-provider' is disabled.
2025-07-03  6:33:48 0 [Note] InnoDB: Buffer pool(s) load completed at 250703  6:33:48
2025-07-03  6:33:48 0 [Note] /usr/bin/mariadbd: ready for connections.
Version: '11.4.5-MariaDB'  socket: '/run/mysqld/mysqld.sock'  port: 0  Alpine Linux
2025-07-03  6:33:49 0 [Note] /usr/bin/mariadbd (initiated by: root[root] @ localhost []): Normal shutdown
2025-07-03  6:33:49 0 [Note] InnoDB: FTS optimize thread exiting.
2025-07-03  6:33:49 0 [Note] InnoDB: Starting shutdown...
2025-07-03  6:33:49 0 [Note] InnoDB: Dumping buffer pool(s) to /var/lib/mysql/ib_buffer_pool
2025-07-03  6:33:49 0 [Note] InnoDB: Buffer pool(s) dump completed at 250703  6:33:49
2025-07-03  6:33:49 0 [Note] InnoDB: Removed temporary tablespace data file: "./ibtmp1"
2025-07-03  6:33:49 0 [Note] InnoDB: Shutdown completed; log sequence number 47763; transaction id 16
2025-07-03  6:33:49 0 [Note] /usr/bin/mariadbd: Shutdown complete
250703 06:33:49 mysqld_safe mysqld from pid file /run/mysqld/mysqld.pid ended
250703 06:33:50 mysqld_safe Starting mariadbd daemon with databases from /var/lib/mysql
2025-07-03  6:33:50 0 [Warning] Setting lower_case_table_names=2 because file system for /var/lib/mysql/ is case insensitive
2025-07-03  6:33:50 0 [Note] Starting MariaDB 11.4.5-MariaDB source revision 0771110266ff5c04216af4bf1243c65f8c67ccf4 server_uid Yr4GNQh323tlDM1hwX9JOw8mjyo= as process 328
2025-07-03  6:33:50 0 [Note] InnoDB: Compressed tables use zlib 1.3.1
2025-07-03  6:33:50 0 [Note] InnoDB: Number of transaction pools: 1
2025-07-03  6:33:50 0 [Note] InnoDB: Using crc32 + pclmulqdq instructions
2025-07-03  6:33:50 0 [Note] mariadbd: O_TMPFILE is not supported on /tmp (disabling future attempts)
2025-07-03  6:33:50 0 [Note] InnoDB: Using Linux native AIO
2025-07-03  6:33:50 0 [Note] InnoDB: Initializing buffer pool, total size = 128.000MiB, chunk size = 2.000MiB
2025-07-03  6:33:50 0 [Note] InnoDB: Completed initialization of buffer pool
2025-07-03  6:33:50 0 [Note] InnoDB: Buffered log writes (block size=512 bytes)
2025-07-03  6:33:50 0 [Note] InnoDB: End of log at LSN=47763
2025-07-03  6:33:50 0 [Note] InnoDB: Opened 3 undo tablespaces
2025-07-03  6:33:50 0 [Note] InnoDB: 128 rollback segments in 3 undo tablespaces are active.
2025-07-03  6:33:50 0 [Note] InnoDB: Setting file './ibtmp1' size to 12.000MiB. Physically writing the file full; Please wait ...
2025-07-03  6:33:50 0 [Note] InnoDB: File './ibtmp1' size is now 12.000MiB.
2025-07-03  6:33:50 0 [Note] InnoDB: log sequence number 47763; transaction id 14
2025-07-03  6:33:50 0 [Note] Plugin 'FEEDBACK' is disabled.
2025-07-03  6:33:50 0 [Note] InnoDB: Loading buffer pool(s) from /var/lib/mysql/ib_buffer_pool
2025-07-03  6:33:50 0 [Note] Plugin 'wsrep-provider' is disabled.
2025-07-03  6:33:50 0 [Note] InnoDB: Buffer pool(s) load completed at 250703  6:33:50
2025-07-03  6:33:51 0 [Note] Server socket created on IP: '0.0.0.0'.
2025-07-03  6:33:51 0 [Note] mariadbd: Event Scheduler: Loaded 0 events
2025-07-03  6:33:51 0 [Note] /usr/bin/mariadbd: ready for connections.
Version: '11.4.5-MariaDB'  socket: '/run/mysqld/mysqld.sock'  port: 3306  Alpine Linux
250706 11:24:19 mysqld_safe Starting mariadbd daemon with databases from /var/lib/mysql
2025-07-06 11:24:19 0 [Warning] Setting lower_case_table_names=2 because file system for /var/lib/mysql/ is case insensitive
2025-07-06 11:24:19 0 [Note] Starting MariaDB 11.4.5-MariaDB source revision 0771110266ff5c04216af4bf1243c65f8c67ccf4 server_uid 72+4ASMvYxproTQgRqIDplDA1XA= as process 138
2025-07-06 11:24:19 0 [Note] InnoDB: Compressed tables use zlib 1.3.1
2025-07-06 11:24:19 0 [Note] InnoDB: Number of transaction pools: 1
2025-07-06 11:24:19 0 [Note] InnoDB: Using crc32 + pclmulqdq instructions
2025-07-06 11:24:19 0 [Note] mariadbd: O_TMPFILE is not supported on /tmp (disabling future attempts)
2025-07-06 11:24:19 0 [Note] InnoDB: Using Linux native AIO
2025-07-06 11:24:19 0 [Note] InnoDB: Initializing buffer pool, total size = 128.000MiB, chunk size = 2.000MiB
2025-07-06 11:24:19 0 [Note] InnoDB: Completed initialization of buffer pool
2025-07-06 11:24:19 0 [Note] InnoDB: Buffered log writes (block size=512 bytes)
2025-07-06 11:24:19 0 [Note] InnoDB: Starting crash recovery from checkpoint LSN=47747
2025-07-06 11:24:20 0 [Note] InnoDB: End of log at LSN=1756152
2025-07-06 11:24:20 0 [Note] InnoDB: To recover: 392 pages
2025-07-06 11:24:20 0 [Note] InnoDB: Opened 3 undo tablespaces
2025-07-06 11:24:20 0 [Note] InnoDB: 128 rollback segments in 3 undo tablespaces are active.
2025-07-06 11:24:20 0 [Note] InnoDB: Removed temporary tablespace data file: "./ibtmp1"
2025-07-06 11:24:20 0 [Note] InnoDB: Setting file './ibtmp1' size to 12.000MiB. Physically writing the file full; Please wait ...
2025-07-06 11:24:20 0 [Note] InnoDB: File './ibtmp1' size is now 12.000MiB.
2025-07-06 11:24:20 0 [Note] InnoDB: log sequence number 1756152; transaction id 758
2025-07-06 11:24:20 0 [Note] Plugin 'FEEDBACK' is disabled.
2025-07-06 11:24:20 0 [Note] Plugin 'wsrep-provider' is disabled.
2025-07-06 11:24:20 0 [Note] InnoDB: Loading buffer pool(s) from /var/lib/mysql/ib_buffer_pool
2025-07-06 11:24:20 0 [Note] Recovering after a crash using tc.log
2025-07-06 11:24:20 0 [Note] Starting table crash recovery...
2025-07-06 11:24:20 0 [Note] Crash table recovery finished.
2025-07-06 11:24:20 0 [Note] InnoDB: Buffer pool(s) load completed at 250706 11:24:20
2025-07-06 11:24:20 0 [Note] /usr/bin/mariadbd: ready for connections.
Version: '11.4.5-MariaDB'  socket: '/run/mysqld/mysqld.sock'  port: 0  Alpine Linux
2025-07-06 11:24:21 0 [Note] /usr/bin/mariadbd (initiated by: root[root] @ localhost []): Normal shutdown
2025-07-06 11:24:22 0 [Note] InnoDB: FTS optimize thread exiting.
2025-07-06 11:24:22 0 [Note] InnoDB: Starting shutdown...
2025-07-06 11:24:22 0 [Note] InnoDB: Dumping buffer pool(s) to /var/lib/mysql/ib_buffer_pool
2025-07-06 11:24:22 0 [Note] InnoDB: Buffer pool(s) dump completed at 250706 11:24:22
2025-07-06 11:24:22 0 [Note] InnoDB: Removed temporary tablespace data file: "./ibtmp1"
2025-07-06 11:24:22 0 [Note] InnoDB: Shutdown completed; log sequence number 1757174; transaction id 759
2025-07-06 11:24:22 0 [Note] /usr/bin/mariadbd: Shutdown complete
250706 11:24:22 mysqld_safe mysqld from pid file /run/mysqld/mysqld.pid ended
250706 11:24:23 mysqld_safe Starting mariadbd daemon with databases from /var/lib/mysql
2025-07-06 11:24:23 0 [Warning] Setting lower_case_table_names=2 because file system for /var/lib/mysql/ is case insensitive
2025-07-06 11:24:23 0 [Note] Starting MariaDB 11.4.5-MariaDB source revision 0771110266ff5c04216af4bf1243c65f8c67ccf4 server_uid Yr4GNQh323tlDM1hwX9JOw8mjyo= as process 278
2025-07-06 11:24:23 0 [Note] InnoDB: Compressed tables use zlib 1.3.1
2025-07-06 11:24:23 0 [Note] InnoDB: Number of transaction pools: 1
2025-07-06 11:24:23 0 [Note] InnoDB: Using crc32 + pclmulqdq instructions
2025-07-06 11:24:23 0 [Note] mariadbd: O_TMPFILE is not supported on /tmp (disabling future attempts)
2025-07-06 11:24:23 0 [Note] InnoDB: Using Linux native AIO
2025-07-06 11:24:23 0 [Note] InnoDB: Initializing buffer pool, total size = 128.000MiB, chunk size = 2.000MiB
2025-07-06 11:24:23 0 [Note] InnoDB: Completed initialization of buffer pool
2025-07-06 11:24:23 0 [Note] InnoDB: Buffered log writes (block size=512 bytes)
2025-07-06 11:24:23 0 [Note] InnoDB: End of log at LSN=1757174
2025-07-06 11:24:23 0 [Note] InnoDB: Opened 3 undo tablespaces
2025-07-06 11:24:23 0 [Note] InnoDB: 128 rollback segments in 3 undo tablespaces are active.
2025-07-06 11:24:23 0 [Note] InnoDB: Setting file './ibtmp1' size to 12.000MiB. Physically writing the file full; Please wait ...
2025-07-06 11:24:23 0 [Note] InnoDB: File './ibtmp1' size is now 12.000MiB.
2025-07-06 11:24:23 0 [Note] InnoDB: log sequence number 1757174; transaction id 758
2025-07-06 11:24:23 0 [Note] Plugin 'FEEDBACK' is disabled.
2025-07-06 11:24:23 0 [Note] Plugin 'wsrep-provider' is disabled.
2025-07-06 11:24:23 0 [Note] InnoDB: Loading buffer pool(s) from /var/lib/mysql/ib_buffer_pool
2025-07-06 11:24:23 0 [Note] InnoDB: Buffer pool(s) load completed at 250706 11:24:23
2025-07-06 11:24:23 0 [Note] Server socket created on IP: '0.0.0.0'.
2025-07-06 11:24:23 0 [Note] mariadbd: Event Scheduler: Loaded 0 events
2025-07-06 11:24:23 0 [Note] /usr/bin/mariadbd: ready for connections.
Version: '11.4.5-MariaDB'  socket: '/run/mysqld/mysqld.sock'  port: 3306  Alpine Linux
250706 11:24:36 mysqld_safe Starting mariadbd daemon with databases from /var/lib/mysql
2025-07-06 11:24:36 0 [Warning] Setting lower_case_table_names=2 because file system for /var/lib/mysql/ is case insensitive
2025-07-06 11:24:36 0 [Note] Starting MariaDB 11.4.5-MariaDB source revision 0771110266ff5c04216af4bf1243c65f8c67ccf4 server_uid KYlPHMUTEacoe6+PM/1u7YtxeCI= as process 138
2025-07-06 11:24:36 0 [Note] InnoDB: Compressed tables use zlib 1.3.1
2025-07-06 11:24:36 0 [Note] InnoDB: Number of transaction pools: 1
2025-07-06 11:24:36 0 [Note] InnoDB: Using crc32 + pclmulqdq instructions
2025-07-06 11:24:36 0 [Note] mariadbd: O_TMPFILE is not supported on /tmp (disabling future attempts)
2025-07-06 11:24:36 0 [Note] InnoDB: Using Linux native AIO
2025-07-06 11:24:36 0 [Note] InnoDB: Initializing buffer pool, total size = 128.000MiB, chunk size = 2.000MiB
2025-07-06 11:24:36 0 [Note] InnoDB: Completed initialization of buffer pool
2025-07-06 11:24:36 0 [Note] InnoDB: Buffered log writes (block size=512 bytes)
2025-07-06 11:24:36 0 [Note] InnoDB: Starting crash recovery from checkpoint LSN=1757158
2025-07-06 11:24:36 0 [Note] InnoDB: End of log at LSN=1761410
2025-07-06 11:24:36 0 [Note] InnoDB: To recover: 25 pages
2025-07-06 11:24:36 0 [Note] InnoDB: Opened 3 undo tablespaces
2025-07-06 11:24:36 0 [Note] InnoDB: 128 rollback segments in 3 undo tablespaces are active.
2025-07-06 11:24:36 0 [Note] InnoDB: Removed temporary tablespace data file: "./ibtmp1"
2025-07-06 11:24:36 0 [Note] InnoDB: Setting file './ibtmp1' size to 12.000MiB. Physically writing the file full; Please wait ...
2025-07-06 11:24:36 0 [Note] InnoDB: File './ibtmp1' size is now 12.000MiB.
2025-07-06 11:24:36 0 [Note] InnoDB: log sequence number 1761410; transaction id 781
2025-07-06 11:24:36 0 [Note] Plugin 'FEEDBACK' is disabled.
2025-07-06 11:24:36 0 [Note] InnoDB: Loading buffer pool(s) from /var/lib/mysql/ib_buffer_pool
2025-07-06 11:24:36 0 [Note] Plugin 'wsrep-provider' is disabled.
2025-07-06 11:24:36 0 [Note] Recovering after a crash using tc.log
2025-07-06 11:24:36 0 [Note] Starting table crash recovery...
2025-07-06 11:24:36 0 [Note] Crash table recovery finished.
2025-07-06 11:24:36 0 [Note] InnoDB: Buffer pool(s) load completed at 250706 11:24:36
2025-07-06 11:24:36 0 [Note] /usr/bin/mariadbd: ready for connections.
Version: '11.4.5-MariaDB'  socket: '/run/mysqld/mysqld.sock'  port: 0  Alpine Linux
2025-07-06 11:24:37 0 [Note] /usr/bin/mariadbd (initiated by: root[root] @ localhost []): Normal shutdown
2025-07-06 11:24:37 0 [Note] InnoDB: FTS optimize thread exiting.
2025-07-06 11:24:37 0 [Note] InnoDB: Starting shutdown...
2025-07-06 11:24:37 0 [Note] InnoDB: Dumping buffer pool(s) to /var/lib/mysql/ib_buffer_pool
2025-07-06 11:24:37 0 [Note] InnoDB: Buffer pool(s) dump completed at 250706 11:24:37
2025-07-06 11:24:37 0 [Note] InnoDB: Removed temporary tablespace data file: "./ibtmp1"
2025-07-06 11:24:37 0 [Note] InnoDB: Shutdown completed; log sequence number 1761564; transaction id 782
2025-07-06 11:24:37 0 [Note] /usr/bin/mariadbd: Shutdown complete
250706 11:24:37 mysqld_safe mysqld from pid file /run/mysqld/mysqld.pid ended
250706 11:24:38 mysqld_safe Starting mariadbd daemon with databases from /var/lib/mysql
2025-07-06 11:24:38 0 [Warning] Setting lower_case_table_names=2 because file system for /var/lib/mysql/ is case insensitive
2025-07-06 11:24:38 0 [Note] Starting MariaDB 11.4.5-MariaDB source revision 0771110266ff5c04216af4bf1243c65f8c67ccf4 server_uid 9YC6aymkqVDgK/ZwVV2SHuo1ecw= as process 276
2025-07-06 11:24:38 0 [Note] InnoDB: Compressed tables use zlib 1.3.1
2025-07-06 11:24:38 0 [Note] InnoDB: Number of transaction pools: 1
2025-07-06 11:24:38 0 [Note] InnoDB: Using crc32 + pclmulqdq instructions
2025-07-06 11:24:38 0 [Note] mariadbd: O_TMPFILE is not supported on /tmp (disabling future attempts)
2025-07-06 11:24:38 0 [Note] InnoDB: Using Linux native AIO
2025-07-06 11:24:38 0 [Note] InnoDB: Initializing buffer pool, total size = 128.000MiB, chunk size = 2.000MiB
2025-07-06 11:24:38 0 [Note] InnoDB: Completed initialization of buffer pool
2025-07-06 11:24:38 0 [Note] InnoDB: Buffered log writes (block size=512 bytes)
2025-07-06 11:24:38 0 [Note] InnoDB: End of log at LSN=1761564
2025-07-06 11:24:38 0 [Note] InnoDB: Opened 3 undo tablespaces
2025-07-06 11:24:38 0 [Note] InnoDB: 128 rollback segments in 3 undo tablespaces are active.
2025-07-06 11:24:38 0 [Note] InnoDB: Setting file './ibtmp1' size to 12.000MiB. Physically writing the file full; Please wait ...
2025-07-06 11:24:38 0 [Note] InnoDB: File './ibtmp1' size is now 12.000MiB.
2025-07-06 11:24:38 0 [Note] InnoDB: log sequence number 1761564; transaction id 781
2025-07-06 11:24:38 0 [Note] Plugin 'FEEDBACK' is disabled.
2025-07-06 11:24:38 0 [Note] InnoDB: Loading buffer pool(s) from /var/lib/mysql/ib_buffer_pool
2025-07-06 11:24:38 0 [Note] Plugin 'wsrep-provider' is disabled.
2025-07-06 11:24:38 0 [Note] InnoDB: Buffer pool(s) load completed at 250706 11:24:38
2025-07-06 11:24:38 0 [Note] Server socket created on IP: '0.0.0.0'.
2025-07-06 11:24:38 0 [Note] mariadbd: Event Scheduler: Loaded 0 events
2025-07-06 11:24:38 0 [Note] /usr/bin/mariadbd: ready for connections.
Version: '11.4.5-MariaDB'  socket: '/run/mysqld/mysqld.sock'  port: 3306  Alpine Linux
250715 15:57:20 mysqld_safe Starting mariadbd daemon with databases from /var/lib/mysql
2025-07-15 15:57:21 0 [Warning] Setting lower_case_table_names=2 because file system for /var/lib/mysql/ is case insensitive
2025-07-15 15:57:21 0 [Note] Starting MariaDB 11.4.5-MariaDB source revision 0771110266ff5c04216af4bf1243c65f8c67ccf4 server_uid zzaGlFJj5zfmotX9uozp4Xgs9EI= as process 138
2025-07-15 15:57:21 0 [Note] InnoDB: Compressed tables use zlib 1.3.1
2025-07-15 15:57:21 0 [Note] InnoDB: Number of transaction pools: 1
2025-07-15 15:57:21 0 [Note] InnoDB: Using crc32 + pclmulqdq instructions
2025-07-15 15:57:21 0 [Note] mariadbd: O_TMPFILE is not supported on /tmp (disabling future attempts)
2025-07-15 15:57:21 0 [Note] InnoDB: Using Linux native AIO
2025-07-15 15:57:21 0 [Note] InnoDB: Initializing buffer pool, total size = 128.000MiB, chunk size = 2.000MiB
2025-07-15 15:57:21 0 [Note] InnoDB: Completed initialization of buffer pool
2025-07-15 15:57:21 0 [Note] InnoDB: Buffered log writes (block size=512 bytes)
2025-07-15 15:57:21 0 [Note] InnoDB: End of log at LSN=1761564
2025-07-15 15:57:21 0 [Note] InnoDB: Opened 3 undo tablespaces
2025-07-15 15:57:21 0 [Note] InnoDB: 128 rollback segments in 3 undo tablespaces are active.
2025-07-15 15:57:21 0 [Note] InnoDB: Removed temporary tablespace data file: "./ibtmp1"
2025-07-15 15:57:21 0 [Note] InnoDB: Setting file './ibtmp1' size to 12.000MiB. Physically writing the file full; Please wait ...
2025-07-15 15:57:21 0 [Note] InnoDB: File './ibtmp1' size is now 12.000MiB.
2025-07-15 15:57:21 0 [Note] InnoDB: log sequence number 1761564; transaction id 781
2025-07-15 15:57:21 0 [Note] Plugin 'FEEDBACK' is disabled.
2025-07-15 15:57:21 0 [Note] InnoDB: Loading buffer pool(s) from /var/lib/mysql/ib_buffer_pool
2025-07-15 15:57:21 0 [Note] Plugin 'wsrep-provider' is disabled.
2025-07-15 15:57:21 0 [Note] Recovering after a crash using tc.log
2025-07-15 15:57:21 0 [Note] Starting table crash recovery...
2025-07-15 15:57:21 0 [Note] Crash table recovery finished.
2025-07-15 15:57:21 0 [Note] InnoDB: Buffer pool(s) load completed at 250715 15:57:21
2025-07-15 15:57:22 0 [Note] /usr/bin/mariadbd: ready for connections.
Version: '11.4.5-MariaDB'  socket: '/run/mysqld/mysqld.sock'  port: 0  Alpine Linux
2025-07-15 15:57:23 0 [Note] /usr/bin/mariadbd (initiated by: root[root] @ localhost []): Normal shutdown
2025-07-15 15:57:23 0 [Note] InnoDB: FTS optimize thread exiting.
2025-07-15 15:57:23 0 [Note] InnoDB: Starting shutdown...
2025-07-15 15:57:23 0 [Note] InnoDB: Dumping buffer pool(s) to /var/lib/mysql/ib_buffer_pool
2025-07-15 15:57:23 0 [Note] InnoDB: Buffer pool(s) dump completed at 250715 15:57:23
2025-07-15 15:57:23 0 [Note] InnoDB: Removed temporary tablespace data file: "./ibtmp1"
2025-07-15 15:57:23 0 [Note] InnoDB: Shutdown completed; log sequence number 1761564; transaction id 782
2025-07-15 15:57:23 0 [Note] /usr/bin/mariadbd: Shutdown complete
250715 15:57:23 mysqld_safe mysqld from pid file /run/mysqld/mysqld.pid ended
250715 15:57:24 mysqld_safe Starting mariadbd daemon with databases from /var/lib/mysql
2025-07-15 15:57:24 0 [Warning] Setting lower_case_table_names=2 because file system for /var/lib/mysql/ is case insensitive
2025-07-15 15:57:24 0 [Note] Starting MariaDB 11.4.5-MariaDB source revision 0771110266ff5c04216af4bf1243c65f8c67ccf4 server_uid waxnTUYIIO4TIiAUHNqSi64pJUA= as process 276
2025-07-15 15:57:24 0 [Note] InnoDB: Compressed tables use zlib 1.3.1
2025-07-15 15:57:24 0 [Note] InnoDB: Number of transaction pools: 1
2025-07-15 15:57:24 0 [Note] InnoDB: Using crc32 + pclmulqdq instructions
2025-07-15 15:57:24 0 [Note] mariadbd: O_TMPFILE is not supported on /tmp (disabling future attempts)
2025-07-15 15:57:24 0 [Note] InnoDB: Using Linux native AIO
2025-07-15 15:57:24 0 [Note] InnoDB: Initializing buffer pool, total size = 128.000MiB, chunk size = 2.000MiB
2025-07-15 15:57:24 0 [Note] InnoDB: Completed initialization of buffer pool
2025-07-15 15:57:24 0 [Note] InnoDB: Buffered log writes (block size=512 bytes)
2025-07-15 15:57:24 0 [Note] InnoDB: End of log at LSN=1761564
2025-07-15 15:57:24 0 [Note] InnoDB: Opened 3 undo tablespaces
2025-07-15 15:57:24 0 [Note] InnoDB: 128 rollback segments in 3 undo tablespaces are active.
2025-07-15 15:57:24 0 [Note] InnoDB: Setting file './ibtmp1' size to 12.000MiB. Physically writing the file full; Please wait ...
2025-07-15 15:57:24 0 [Note] InnoDB: File './ibtmp1' size is now 12.000MiB.
2025-07-15 15:57:24 0 [Note] InnoDB: log sequence number 1761564; transaction id 781
2025-07-15 15:57:24 0 [Note] Plugin 'FEEDBACK' is disabled.
2025-07-15 15:57:24 0 [Note] InnoDB: Loading buffer pool(s) from /var/lib/mysql/ib_buffer_pool
2025-07-15 15:57:24 0 [Note] Plugin 'wsrep-provider' is disabled.
2025-07-15 15:57:24 0 [Note] InnoDB: Buffer pool(s) load completed at 250715 15:57:24
2025-07-15 15:57:24 0 [Note] Server socket created on IP: '0.0.0.0'.
2025-07-15 15:57:24 0 [Note] mariadbd: Event Scheduler: Loaded 0 events
2025-07-15 15:57:24 0 [Note] /usr/bin/mariadbd: ready for connections.
Version: '11.4.5-MariaDB'  socket: '/run/mysqld/mysqld.sock'  port: 3306  Alpine Linux
250715 15:57:38 mysqld_safe Starting mariadbd daemon with databases from /var/lib/mysql
2025-07-15 15:57:38 0 [Warning] Setting lower_case_table_names=2 because file system for /var/lib/mysql/ is case insensitive
2025-07-15 15:57:38 0 [Note] Starting MariaDB 11.4.5-MariaDB source revision 0771110266ff5c04216af4bf1243c65f8c67ccf4 server_uid KYlPHMUTEacoe6+PM/1u7YtxeCI= as process 138
2025-07-15 15:57:38 0 [Note] InnoDB: Compressed tables use zlib 1.3.1
2025-07-15 15:57:38 0 [Note] InnoDB: Number of transaction pools: 1
2025-07-15 15:57:38 0 [Note] InnoDB: Using crc32 + pclmulqdq instructions
2025-07-15 15:57:38 0 [Note] mariadbd: O_TMPFILE is not supported on /tmp (disabling future attempts)
2025-07-15 15:57:38 0 [Note] InnoDB: Using Linux native AIO
2025-07-15 15:57:38 0 [Note] InnoDB: Initializing buffer pool, total size = 128.000MiB, chunk size = 2.000MiB
2025-07-15 15:57:38 0 [Note] InnoDB: Completed initialization of buffer pool
2025-07-15 15:57:38 0 [Note] InnoDB: Buffered log writes (block size=512 bytes)
2025-07-15 15:57:38 0 [Note] InnoDB: Starting crash recovery from checkpoint LSN=1761548
2025-07-15 15:57:38 0 [Note] InnoDB: End of log at LSN=1765790
2025-07-15 15:57:38 0 [Note] InnoDB: To recover: 25 pages
2025-07-15 15:57:38 0 [Note] InnoDB: Opened 3 undo tablespaces
2025-07-15 15:57:38 0 [Note] InnoDB: 128 rollback segments in 3 undo tablespaces are active.
2025-07-15 15:57:38 0 [Note] InnoDB: Removed temporary tablespace data file: "./ibtmp1"
2025-07-15 15:57:38 0 [Note] InnoDB: Setting file './ibtmp1' size to 12.000MiB. Physically writing the file full; Please wait ...
2025-07-15 15:57:38 0 [Note] InnoDB: File './ibtmp1' size is now 12.000MiB.
2025-07-15 15:57:38 0 [Note] InnoDB: log sequence number 1765790; transaction id 804
2025-07-15 15:57:38 0 [Note] Plugin 'FEEDBACK' is disabled.
2025-07-15 15:57:38 0 [Note] Plugin 'wsrep-provider' is disabled.
2025-07-15 15:57:38 0 [Note] InnoDB: Loading buffer pool(s) from /var/lib/mysql/ib_buffer_pool
2025-07-15 15:57:38 0 [Note] Recovering after a crash using tc.log
2025-07-15 15:57:38 0 [Note] Starting table crash recovery...
2025-07-15 15:57:38 0 [Note] Crash table recovery finished.
2025-07-15 15:57:38 0 [Note] InnoDB: Buffer pool(s) load completed at 250715 15:57:38
2025-07-15 15:57:38 0 [Note] /usr/bin/mariadbd: ready for connections.
Version: '11.4.5-MariaDB'  socket: '/run/mysqld/mysqld.sock'  port: 0  Alpine Linux
2025-07-15 15:57:39 0 [Note] /usr/bin/mariadbd (initiated by: root[root] @ localhost []): Normal shutdown
2025-07-15 15:57:39 0 [Note] InnoDB: FTS optimize thread exiting.
2025-07-15 15:57:39 0 [Note] InnoDB: Starting shutdown...
2025-07-15 15:57:39 0 [Note] InnoDB: Dumping buffer pool(s) to /var/lib/mysql/ib_buffer_pool
2025-07-15 15:57:39 0 [Note] InnoDB: Buffer pool(s) dump completed at 250715 15:57:39
2025-07-15 15:57:39 0 [Note] InnoDB: Removed temporary tablespace data file: "./ibtmp1"
2025-07-15 15:57:39 0 [Note] InnoDB: Shutdown completed; log sequence number 1765944; transaction id 805
2025-07-15 15:57:39 0 [Note] /usr/bin/mariadbd: Shutdown complete
250715 15:57:39 mysqld_safe mysqld from pid file /run/mysqld/mysqld.pid ended
250715 15:57:40 mysqld_safe Starting mariadbd daemon with databases from /var/lib/mysql
2025-07-15 15:57:40 0 [Warning] Setting lower_case_table_names=2 because file system for /var/lib/mysql/ is case insensitive
2025-07-15 15:57:40 0 [Note] Starting MariaDB 11.4.5-MariaDB source revision 0771110266ff5c04216af4bf1243c65f8c67ccf4 server_uid 9YC6aymkqVDgK/ZwVV2SHuo1ecw= as process 275
2025-07-15 15:57:40 0 [Note] InnoDB: Compressed tables use zlib 1.3.1
2025-07-15 15:57:40 0 [Note] InnoDB: Number of transaction pools: 1
2025-07-15 15:57:40 0 [Note] InnoDB: Using crc32 + pclmulqdq instructions
2025-07-15 15:57:40 0 [Note] mariadbd: O_TMPFILE is not supported on /tmp (disabling future attempts)
2025-07-15 15:57:40 0 [Note] InnoDB: Using Linux native AIO
2025-07-15 15:57:40 0 [Note] InnoDB: Initializing buffer pool, total size = 128.000MiB, chunk size = 2.000MiB
2025-07-15 15:57:40 0 [Note] InnoDB: Completed initialization of buffer pool
2025-07-15 15:57:40 0 [Note] InnoDB: Buffered log writes (block size=512 bytes)
2025-07-15 15:57:40 0 [Note] InnoDB: End of log at LSN=1765944
2025-07-15 15:57:40 0 [Note] InnoDB: Opened 3 undo tablespaces
2025-07-15 15:57:40 0 [Note] InnoDB: 128 rollback segments in 3 undo tablespaces are active.
2025-07-15 15:57:40 0 [Note] InnoDB: Setting file './ibtmp1' size to 12.000MiB. Physically writing the file full; Please wait ...
2025-07-15 15:57:40 0 [Note] InnoDB: File './ibtmp1' size is now 12.000MiB.
2025-07-15 15:57:40 0 [Note] InnoDB: log sequence number 1765944; transaction id 804
2025-07-15 15:57:40 0 [Note] Plugin 'FEEDBACK' is disabled.
2025-07-15 15:57:40 0 [Note] InnoDB: Loading buffer pool(s) from /var/lib/mysql/ib_buffer_pool
2025-07-15 15:57:40 0 [Note] Plugin 'wsrep-provider' is disabled.
2025-07-15 15:57:40 0 [Note] InnoDB: Buffer pool(s) load completed at 250715 15:57:40
2025-07-15 15:57:41 0 [Note] Server socket created on IP: '0.0.0.0'.
2025-07-15 15:57:41 0 [Note] mariadbd: Event Scheduler: Loaded 0 events
2025-07-15 15:57:41 0 [Note] /usr/bin/mariadbd: ready for connections.
Version: '11.4.5-MariaDB'  socket: '/run/mysqld/mysqld.sock'  port: 3306  Alpine Linux
